[htmldemo.net/argima/index.html]
[backblue.gif]
[fade.gif]
[index.html]
[htmldemo.net/argima/p2/img/favicon.ico]
[htmldemo.net/argima/p2/css/bootstrap.min.css]
[htmldemo.net/argima/p2/css/font.awesome.min.css]
[htmldemo.net/argima/p2/css/et-line.css]
[htmldemo.net/argima/p2/css/plugins.css]
[htmldemo.net/argima/p2/style.css]
[htmldemo.net/argima/p2/css/responsive.css]
[htmldemo.net/argima/p2/js/vendor/modernizr-2.8.3.min.js]
[htmldemo.net/argima/p2/img/logo.png]
[htmldemo.net/argima/p2/img/logo-2.png]
[htmldemo.net/argima/p2/img/slider-landing.jpg]
[htmldemo.net/argima/argima/index.html]
[htmldemo.net/argima/p2/img/demo/page-index1.jpg]
[htmldemo.net/argima/argima/index-two.html]
[htmldemo.net/argima/p2/img/demo/page-index2.jpg]
[htmldemo.net/argima/argima/index-three.html]
[htmldemo.net/argima/p2/img/demo/page-index3.jpg]
[htmldemo.net/argima/argima/index-four.html]
[htmldemo.net/argima/p2/img/demo/page-index4.jpg]
[htmldemo.net/argima/argima/shop-three-columns.html]
[htmldemo.net/argima/p2/img/demo/shop-3-grid.jpg]
[htmldemo.net/argima/argima/shop-four-columns.html]
[htmldemo.net/argima/p2/img/demo/shop-4-grid.jpg]
[htmldemo.net/argima/argima/shop-left-sidebar.html]
[htmldemo.net/argima/p2/img/demo/shop-left-sidebar.jpg]
[htmldemo.net/argima/argima/shop-right-sidebar.html]
[htmldemo.net/argima/p2/img/demo/shop-right-sidebar.jpg]
[htmldemo.net/argima/argima/shop-list.html]
[htmldemo.net/argima/p2/img/demo/shop-list.jpg]
[htmldemo.net/argima/argima/shop-list-left-sidebar.html]
[htmldemo.net/argima/p2/img/demo/shop-list-left-sidebar.jpg]
[htmldemo.net/argima/argima/shop-list-right-sidebar.html]
[htmldemo.net/argima/p2/img/demo/shop-list-right-sidebar.jpg]
[htmldemo.net/argima/argima/single-product.html]
[htmldemo.net/argima/p2/img/demo/single-product.jpg]
[htmldemo.net/argima/argima/single-product-variable.html]
[htmldemo.net/argima/p2/img/demo/single-product-variable.jpg]
[htmldemo.net/argima/argima/single-product-external.html]
[htmldemo.net/argima/p2/img/demo/single-product-external.jpg]
[htmldemo.net/argima/argima/single-product-group.html]
[htmldemo.net/argima/p2/img/demo/single-product-group.jpg]
[htmldemo.net/argima/argima/about-us.html]
[htmldemo.net/argima/p2/img/demo/page-about-us.jpg]
[htmldemo.net/argima/argima/blog-grid-three-columns.html]
[htmldemo.net/argima/p2/img/demo/page-blog-three-columns.jpg]
[htmldemo.net/argima/argima/blog-grid-four-columns.html]
[htmldemo.net/argima/p2/img/demo/page-blog-four-columns.jpg]
[htmldemo.net/argima/argima/blog-left-sidebar.html]
[htmldemo.net/argima/p2/img/demo/page-blog-left-sidebar.jpg]
[htmldemo.net/argima/argima/blog-right-sidebar.html]
[htmldemo.net/argima/p2/img/demo/page-blog-right-sidebar.jpg]
[htmldemo.net/argima/argima/single-blog.html]
[htmldemo.net/argima/p2/img/demo/page-blog-single.jpg]
[htmldemo.net/argima/argima/single-right-blog.html]
[htmldemo.net/argima/p2/img/demo/page-blog-single-right-sidebar.jpg]
[htmldemo.net/argima/argima/contact.html]
[htmldemo.net/argima/p2/img/demo/page-contact-us.jpg]
[htmldemo.net/argima/p2/js/vendor/jquery-3.1.1.min.js]
[htmldemo.net/argima/p2/js/bootstrap.min.js]
[htmldemo.net/argima/p2/js/plugins.js]
[htmldemo.net/argima/p2/js/ajax-mail.js]
[htmldemo.net/argima/index.html]
[htmldemo.net/argima/p2/css/bootstrap.min.css]
[htmldemo.net/argima/p2/js/main.js]
[htmldemo.net/argima/p2/fonts/fontawesome-webfont3e6e.eot]
[htmldemo.net/argima/p2/fonts/fontawesome-webfontd41d.eot]
[htmldemo.net/argima/p2/fonts/fontawesome-webfont3e6e.woff2]
[htmldemo.net/argima/p2/fonts/fontawesome-webfont3e6e.woff]
[htmldemo.net/argima/p2/fonts/fontawesome-webfont3e6e.ttf]
[htmldemo.net/argima/p2/css/font.awesome.min.css]
[htmldemo.net/argima/p2/fonts/et-line.eot]
[htmldemo.net/argima/p2/fonts/fontawesome-webfont3e6e.svg]
[htmldemo.net/argima/p2/fonts/et-lined41d.eot]
[htmldemo.net/argima/p2/fonts/et-line.woff]
[htmldemo.net/argima/p2/fonts/et-line.ttf]
[htmldemo.net/argima/p2/css/et-line.css]
[htmldemo.net/argima/p2/css/plugins.css]
[htmldemo.net/argima/p2/style.css]
[htmldemo.net/argima/p2/css/responsive.css]
[www.googletagmanager.com/gtm5445.html]
[htmldemo.net/argima/argima/assets/img/favicon.ico]
[htmldemo.net/argima/p2/fonts/et-line.svg]
[htmldemo.net/argima/argima/assets/css/ionicons.min.css]
[htmldemo.net/argima/argima/assets/css/bootstrap.min.css]
[htmldemo.net/argima/argima/assets/css/simple-line-icons.css]
[htmldemo.net/argima/argima/assets/css/lineIcons.css]
[htmldemo.net/argima/argima/assets/css/font-awesome.min.css]
[htmldemo.net/argima/argima/assets/css/animate.css]
[htmldemo.net/argima/argima/assets/css/swiper.min.css]
[htmldemo.net/argima/argima/assets/css/range-slider.css]
[htmldemo.net/argima/argima/assets/css/fancybox.min.css]
[htmldemo.net/argima/argima/assets/css/slicknav.css]
[htmldemo.net/argima/argima/assets/css/owlcarousel.min.css]
[htmldemo.net/argima/argima/assets/css/owltheme.min.css]
[htmldemo.net/argima/argima/assets/css/spacing.css]
[htmldemo.net/argima/argima/assets/css/style.css]
[htmldemo.net/argima/argima/my-account.html]
[htmldemo.net/argima/argima/checkout.html]
[htmldemo.net/argima/argima/login.html]
[htmldemo.net/argima/argima/assets/img/photos/language-01.jpg]
[htmldemo.net/argima/argima/assets/img/photos/language-02.jpg]
[htmldemo.net/argima/argima/assets/img/logo.png]
[htmldemo.net/argima/argima/assets/img/logo-light.png]
[htmldemo.net/argima/argima/shop.html]
[htmldemo.net/argima/argima/shop-list-sidebar.html]
[htmldemo.net/argima/argima/cart.html]
[htmldemo.net/argima/argima/wishlist.html]
[htmldemo.net/argima/argima/compare.html]
[htmldemo.net/argima/argima/register.html]
[htmldemo.net/argima/argima/single-left-blog.html]
[htmldemo.net/argima/argima/product-single.html]
[htmldemo.net/argima/argima/assets/img/shop/cart-01.jpg]
[htmldemo.net/argima/argima/assets/img/shop/cart-02.jpg]
[htmldemo.net/argima/argima/assets/img/slider/slider-01.jpg]
[htmldemo.net/argima/argima/assets/img/slider/slider-02.jpg]
[htmldemo.net/argima/argima/assets/img/slider/slider-03.jpg]
[htmldemo.net/argima/argima/assets/img/shop/01.jpg]
[htmldemo.net/argima/argima/assets/img/shop/01-h1.jpg]
[htmldemo.net/argima/argima/assets/img/shop/02.jpg]
[htmldemo.net/argima/argima/assets/img/shop/02-h1.jpg]
[htmldemo.net/argima/argima/assets/img/shop/03.jpg]
[htmldemo.net/argima/argima/assets/img/shop/03-h1.jpg]
[htmldemo.net/argima/argima/assets/img/shop/04.jpg]
[htmldemo.net/argima/argima/assets/img/shop/04-h1.jpg]
[htmldemo.net/argima/argima/assets/img/shop/05.jpg]
[htmldemo.net/argima/argima/assets/img/shop/05-h1.jpg]
[htmldemo.net/argima/argima/assets/img/shop/06.jpg]
[htmldemo.net/argima/argima/assets/img/shop/07.jpg]
[htmldemo.net/argima/argima/assets/img/shop/07-h1.jpg]
[htmldemo.net/argima/argima/assets/img/shop/08.jpg]
[htmldemo.net/argima/argima/assets/img/shop/08-h1.jpg]
[htmldemo.net/argima/argima/assets/img/shop/09.jpg]
[htmldemo.net/argima/argima/assets/img/shop/10.jpg]
[htmldemo.net/argima/argima/assets/img/shop/10-h1.jpg]
[htmldemo.net/argima/argima/assets/img/shop/11.jpg]
[htmldemo.net/argima/argima/assets/img/shop/11-h1.jpg]
[htmldemo.net/argima/argima/assets/img/shop/12.jpg]
[htmldemo.net/argima/argima/assets/img/shop/12-h1.jpg]
[htmldemo.net/argima/argima/assets/img/shop/banner/01.jpg]
[htmldemo.net/argima/argima/assets/img/shop/category/01.jpg]
[htmldemo.net/argima/argima/assets/img/shop/category/02.jpg]
[htmldemo.net/argima/argima/assets/img/shop/category/03.jpg]
[htmldemo.net/argima/argima/assets/img/shop/category/04.jpg]
[htmldemo.net/argima/argima/assets/img/testimonial/01.png]
[htmldemo.net/argima/argima/assets/img/testimonial/02.png]
[htmldemo.net/argima/argima/assets/img/shop/banner/02.jpg]
[htmldemo.net/argima/argima/blog.html]
[htmldemo.net/argima/argima/assets/img/blog/01.jpg]
[htmldemo.net/argima/argima/assets/img/blog/02.jpg]
[htmldemo.net/argima/argima/assets/img/blog/03.jpg]
[htmldemo.net/argima/argima/assets/img/blog/04.jpg]
[htmldemo.net/argima/argima/assets/img/photos/payment.png]
[htmldemo.net/argima/argima/assets/img/shop/product-single/05.jpg]
[htmldemo.net/argima/argima/assets/img/shop/product-single/06.jpg]
[htmldemo.net/argima/argima/assets/img/shop/product-single/nav-05.jpg]
[htmldemo.net/argima/argima/assets/img/shop/product-single/nav-06.jpg]
[htmldemo.net/argima/argima/assets/js/modernizr.js]
[htmldemo.net/argima/argima/assets/js/jquery-main.js]
[htmldemo.net/argima/argima/assets/js/jquery-migrate.js]
[htmldemo.net/argima/argima/assets/js/bootstrap.min.js]
[htmldemo.net/argima/argima/assets/js/jquery.appear.js]
[htmldemo.net/argima/argima/assets/js/swiper.min.js]
[htmldemo.net/argima/argima/assets/js/fancybox.min.js]
[htmldemo.net/argima/argima/assets/js/slicknav.js]
[htmldemo.net/argima/argima/assets/js/waypoints.js]
[htmldemo.net/argima/argima/assets/js/jquery-match-height.min.js]
[htmldemo.net/argima/argima/assets/js/owlcarousel.min.js]
[htmldemo.net/argima/argima/assets/js/jquery-zoom.min.js]
[htmldemo.net/argima/argima/assets/js/countdown.js]
[htmldemo.net/argima/argima/index.html]
[htmldemo.net/argima/argima/assets/js/custom.js]
[htmldemo.net/argima/argima/assets/img/slider/slider-04.jpg]
[htmldemo.net/argima/argima/assets/img/slider/slider-05.jpg]
[htmldemo.net/argima/argima/assets/img/shop/banner/03.jpg]
[htmldemo.net/argima/argima/assets/img/shop/banner/04.jpg]
[htmldemo.net/argima/argima/assets/img/shop/banner/05.jpg]
[htmldemo.net/argima/argima/assets/img/photos/divider-01.jpg]
[htmldemo.net/argima/argima/assets/img/photos/bg-01.jpg]
[htmldemo.net/argima/argima/assets/img/shop/banner/06.jpg]
[htmldemo.net/argima/argima/index-two.html]
[htmldemo.net/argima/argima/assets/img/slider/slider-08.jpg]
[htmldemo.net/argima/argima/assets/img/slider/slider-09.jpg]
[htmldemo.net/argima/argima/assets/img/shop/category/07.jpg]
[htmldemo.net/argima/argima/assets/img/shop/category/08.jpg]
[htmldemo.net/argima/argima/assets/img/shop/category/09.jpg]
[htmldemo.net/argima/argima/assets/img/shop/category/10.jpg]
[htmldemo.net/argima/argima/assets/img/shop/category/11.jpg]
[htmldemo.net/argima/argima/index-three.html]
[htmldemo.net/argima/argima/assets/img/slider/slider-06.jpg]
[htmldemo.net/argima/argima/assets/img/slider/slider-07.jpg]
[htmldemo.net/argima/argima/index-four.html]
[htmldemo.net/argima/argima/assets/img/photos/bg-02.jpg]
[htmldemo.net/argima/argima/assets/img/shop/13-h1.jpg]
[htmldemo.net/argima/argima/assets/img/shop/13.jpg]
[htmldemo.net/argima/argima/shop-three-columns.html]
[htmldemo.net/argima/argima/shop-four-columns.html]
[htmldemo.net/argima/argima/shop-left-sidebar.html]
[htmldemo.net/argima/argima/shop-right-sidebar.html]
[htmldemo.net/argima/argima/shop-list.html]
[htmldemo.net/argima/argima/shop-list-left-sidebar.html]
[htmldemo.net/argima/argima/shop-list-right-sidebar.html]
[htmldemo.net/argima/argima/assets/js/range-slider.js]
[htmldemo.net/argima/argima/assets/img/shop/product-single/07.jpg]
[htmldemo.net/argima/argima/assets/img/shop/product-single/08.jpg]
[htmldemo.net/argima/argima/assets/img/shop/product-single/nav-07.jpg]
[htmldemo.net/argima/argima/assets/img/shop/product-single/nav-08.jpg]
[htmldemo.net/argima/argima/assets/img/shop/product-brand-01.jpg]
[htmldemo.net/argima/argima/single-product.html]
[htmldemo.net/argima/argima/assets/img/shop/product-single/01.jpg]
[htmldemo.net/argima/argima/assets/img/shop/product-single/02.jpg]
[htmldemo.net/argima/argima/assets/img/shop/product-single/03.jpg]
[htmldemo.net/argima/argima/assets/img/shop/product-single/04.jpg]
[htmldemo.net/argima/argima/assets/img/shop/product-single/nav-01.jpg]
[htmldemo.net/argima/argima/assets/img/shop/product-single/nav-02.jpg]
[htmldemo.net/argima/argima/assets/img/shop/product-single/nav-03.jpg]
[htmldemo.net/argima/argima/assets/img/shop/product-single/nav-04.jpg]
[htmldemo.net/argima/argima/single-product-variable.html]
[htmldemo.net/argima/argima/assets/img/shop/product-single/09.jpg]
[htmldemo.net/argima/argima/assets/img/shop/product-single/10.jpg]
[htmldemo.net/argima/argima/assets/img/shop/product-single/11.jpg]
[htmldemo.net/argima/argima/assets/img/shop/product-single/nav-09.jpg]
[htmldemo.net/argima/argima/assets/img/shop/product-single/nav-10.jpg]
[htmldemo.net/argima/argima/assets/img/shop/product-single/nav-11.jpg]
[htmldemo.net/argima/argima/assets/img/shop/product-brand-02.jpg]
[htmldemo.net/argima/argima/single-product-external.html]
[htmldemo.net/argima/argima/assets/img/shop/product-single/12.jpg]
[htmldemo.net/argima/argima/assets/img/shop/product-single/nav-12.jpg]
[htmldemo.net/argima/argima/single-product-group.html]
[htmldemo.net/argima/argima/assets/img/about/01.jpg]
[htmldemo.net/argima/argima/assets/img/icons/f01.png]
[htmldemo.net/argima/argima/assets/img/icons/f02.png]
[htmldemo.net/argima/argima/assets/img/icons/f03.png]
[htmldemo.net/argima/argima/assets/img/shape/01.png]
[htmldemo.net/argima/argima/assets/img/shape/02.png]
[htmldemo.net/argima/argima/assets/img/team/01.jpg]
[htmldemo.net/argima/argima/assets/img/team/02.jpg]
[htmldemo.net/argima/argima/assets/img/team/03.jpg]
[htmldemo.net/argima/argima/assets/img/team/04.jpg]
[htmldemo.net/argima/argima/about-us.html]
[htmldemo.net/argima/argima/assets/js/popper.min.js]
[htmldemo.net/argima/argima/assets/img/blog/05.jpg]
[htmldemo.net/argima/argima/assets/img/blog/06.jpg]
[htmldemo.net/argima/argima/assets/img/blog/07.jpg]
[htmldemo.net/argima/argima/assets/img/blog/08.jpg]
[htmldemo.net/argima/argima/assets/img/blog/09.jpg]
[htmldemo.net/argima/argima/blog-grid-three-columns.html]
[htmldemo.net/argima/argima/blog-grid-four-columns.html]
[htmldemo.net/argima/argima/blog-details.html]
[htmldemo.net/argima/argima/assets/img/blog/s1.jpg]
[htmldemo.net/argima/argima/assets/img/blog/s2.jpg]
[htmldemo.net/argima/argima/assets/img/blog/s3.jpg]
[htmldemo.net/argima/argima/assets/img/blog/s4.jpg]
[htmldemo.net/argima/argima/blog-left-sidebar.html]
[htmldemo.net/argima/argima/blog-right-sidebar.html]
[htmldemo.net/argima/argima/assets/img/blog/single-01.jpg]
[htmldemo.net/argima/argima/assets/img/blog/author1.png]
[htmldemo.net/argima/argima/assets/img/blog/author2.png]
[htmldemo.net/argima/argima/assets/img/blog/author3.png]
[htmldemo.net/argima/argima/single-blog.html]
[htmldemo.net/argima/argima/single-right-blog.html]
[htmldemo.net/argima/argima/contact.html]
[htmldemo.net/argima/p2/fonts/fontawesome-webfont3e6e.svg]
[htmldemo.net/argima/p2/fonts/et-line.svg]
[htmldemo.net/argima/argima/assets/css/bootstrap.min.css]
[htmldemo.net/argima/argima/assets/fonts/ioniconsde33.woff2]
[htmldemo.net/argima/argima/assets/fonts/ioniconsde33.eot]
[htmldemo.net/argima/argima/assets/fonts/ioniconsde33.woff]
[htmldemo.net/argima/argima/assets/fonts/ioniconsde33.ttf]
[htmldemo.net/argima/argima/assets/css/ionicons.min.css]
[htmldemo.net/argima/argima/assets/fonts/ioniconsde33.svg]
[htmldemo.net/argima/argima/assets/fonts/Simple-Line-Iconsb26c.woff2]
[htmldemo.net/argima/argima/assets/fonts/Simple-Line-Iconsb26c.eot]
[htmldemo.net/argima/argima/assets/fonts/Simple-Line-Iconsb26c.ttf]
[htmldemo.net/argima/argima/assets/fonts/Simple-Line-Iconsb26c.woff]
[htmldemo.net/argima/argima/assets/css/simple-line-icons.css]
[htmldemo.net/argima/argima/assets/fonts/la-brands-400.woff2]
[htmldemo.net/argima/argima/assets/fonts/Simple-Line-Iconsb26c.svg]
[htmldemo.net/argima/argima/assets/fonts/la-solid-900.woff2]
[htmldemo.net/argima/argima/assets/css/lineIcons.css]
[htmldemo.net/argima/argima/assets/fonts/fontawesome-webfont3e6e.eot]
[htmldemo.net/argima/argima/assets/fonts/fontawesome-webfont3e6e.woff2]
[htmldemo.net/argima/argima/assets/fonts/fontawesome-webfontd41d.eot]
[htmldemo.net/argima/argima/assets/fonts/fontawesome-webfont3e6e.woff]
[htmldemo.net/argima/argima/assets/fonts/fontawesome-webfont3e6e.ttf]
[htmldemo.net/argima/argima/assets/css/font-awesome.min.css]
[htmldemo.net/argima/argima/assets/css/animate.css]
[htmldemo.net/argima/argima/assets/css/swiper.min.css]
[htmldemo.net/argima/argima/assets/css/range-slider.css]
[htmldemo.net/argima/argima/assets/css/fancybox.min.css]
[htmldemo.net/argima/argima/assets/css/slicknav.css]
[htmldemo.net/argima/argima/assets/fonts/fontawesome-webfont3e6e.svg]
[htmldemo.net/argima/argima/assets/css/owl.video.play.png]
[htmldemo.net/argima/argima/assets/css/owlcarousel.min.css]
[htmldemo.net/argima/argima/assets/css/owltheme.min.css]
[htmldemo.net/argima/argima/assets/css/spacing.css]
[htmldemo.net/argima/argima/assets/img/icons/call.png]
[htmldemo.net/argima/argima/assets/img/icons/select-arrow.png]
[htmldemo.net/argima/argima/assets/img/icons/cancel-white.png]
[htmldemo.net/argima/argima/assets/img/icons/arrow-down.png]
[htmldemo.net/argima/argima/assets/css/style.css]
[htmldemo.net/argima/argima/my-account.html]
[htmldemo.net/argima/argima/assets/img/shop/cart/verified-user.png]
[htmldemo.net/argima/argima/assets/img/shop/cart/local-shipping.png]
[htmldemo.net/argima/argima/assets/img/shop/cart/swap-horiz.png]
[htmldemo.net/argima/argima/checkout.html]
[htmldemo.net/argima/argima/login.html]
[htmldemo.net/argima/argima/shop.html]
[htmldemo.net/argima/argima/shop-list-sidebar.html]
[htmldemo.net/argima/argima/assets/img/shop/cart/01.jpg]
[htmldemo.net/argima/argima/assets/img/shop/cart/02.jpg]
[htmldemo.net/argima/argima/cart.html]
[htmldemo.net/argima/argima/wishlist.html]
[htmldemo.net/argima/argima/compare.html]
[htmldemo.net/argima/argima/register.html]
[htmldemo.net/argima/argima/single-left-blog.html]
[htmldemo.net/argima/argima/product-single.html]
[htmldemo.net/argima/argima/blog.html]
[htmldemo.net/argima/argima/blog-details.html]
[htmldemo.net/argima/argima/assets/fonts/ioniconsde33.svg]
[htmldemo.net/argima/argima/assets/fonts/Simple-Line-Iconsb26c.svg]
[htmldemo.net/argima/argima/assets/fonts/fontawesome-webfont3e6e.svg]
[htmldemo.net/argima/argima/assets/css/owl.video.play.html]
